
========================================
📖 Scriptura Bible Generator
========================================


========================================
📖 Generating NKJV Bible
========================================
Output: /Users/dada/Desktop/Scriptura/versions/NKJV

🧹 Removed 0 old files

[1/66] Genesis

📖 Genesis — 50 chapters
   Chapter 1/50
      Request 1/3: Genesis 1
   Chapter 2/50
      Request 1/3: Genesis 2
   Chapter 3/50
      Request 1/3: Genesis 3
   Chapter 4/50
      Request 1/3: Genesis 4
   Chapter 5/50
      Request 1/3: Genesis 5
   Chapter 6/50
      Request 1/3: Genesis 6
   Chapter 7/50
      Request 1/3: Genesis 7
   Chapter 8/50
      Request 1/3: Genesis 8
   Chapter 9/50
      Request 1/3: Genesis 9
   Chapter 10/50
      Request 1/3: Genesis 10
   Chapter 11/50
      Request 1/3: Genesis 11
   Chapter 12/50
      Request 1/3: Genesis 12
   Chapter 13/50
      Request 1/3: Genesis 13
   Chapter 14/50
      Request 1/3: Genesis 14
   Chapter 15/50
      Request 1/3: Genesis 15
   Chapter 16/50
      Request 1/3: Genesis 16
   Chapter 17/50
      Request 1/3: Genesis 17
   Chapter 18/50
      Request 1/3: Genesis 18
   Chapter 19/50
      Request 1/3: Genesis 19
   Chapter 20/50
      Request 1/3: Genesis 20
   Chapter 21/50
      Request 1/3: Genesis 21
   Chapter 22/50
      Request 1/3: Genesis 22
   Chapter 23/50
      Request 1/3: Genesis 23
   Chapter 24/50
      Request 1/3: Genesis 24
   Chapter 25/50
      Request 1/3: Genesis 25
   Chapter 26/50
      Request 1/3: Genesis 26
   Chapter 27/50
      Request 1/3: Genesis 27
   Chapter 28/50
      Request 1/3: Genesis 28
   Chapter 29/50
      Request 1/3: Genesis 29
   Chapter 30/50
      Request 1/3: Genesis 30
   Chapter 31/50
      Request 1/3: Genesis 31
   Chapter 32/50
      Request 1/3: Genesis 32
   Chapter 33/50
      Request 1/3: Genesis 33
   Chapter 34/50
      Request 1/3: Genesis 34
   Chapter 35/50
      Request 1/3: Genesis 35
   Chapter 36/50
      Request 1/3: Genesis 36
   Chapter 37/50
      Request 1/3: Genesis 37
   Chapter 38/50
      Request 1/3: Genesis 38
   Chapter 39/50
      Request 1/3: Genesis 39
   Chapter 40/50
      Request 1/3: Genesis 40
   Chapter 41/50
      Request 1/3: Genesis 41
   Chapter 42/50
      Request 1/3: Genesis 42
   Chapter 43/50
      Request 1/3: Genesis 43
   Chapter 44/50
      Request 1/3: Genesis 44
   Chapter 45/50
      Request 1/3: Genesis 45
   Chapter 46/50
      Request 1/3: Genesis 46
   Chapter 47/50
      Request 1/3: Genesis 47
   Chapter 48/50
      Request 1/3: Genesis 48
   Chapter 49/50
      Request 1/3: Genesis 49
   Chapter 50/50
      Request 1/3: Genesis 50
   ✅ Saved /Users/dada/Desktop/Scriptura/versions/NKJV/NKJV_books/Genesis.json

[2/66] Exodus

📖 Exodus — 40 chapters
   Chapter 1/40
      Request 1/3: Exodus 1
   Chapter 2/40
      Request 1/3: Exodus 2
   Chapter 3/40
      Request 1/3: Exodus 3
   Chapter 4/40
      Request 1/3: Exodus 4
   Chapter 5/40
      Request 1/3: Exodus 5
   Chapter 6/40
      Request 1/3: Exodus 6
   Chapter 7/40
      Request 1/3: Exodus 7
   Chapter 8/40
      Request 1/3: Exodus 8
   Chapter 9/40
      Request 1/3: Exodus 9
   Chapter 10/40
      Request 1/3: Exodus 10
   Chapter 11/40
      Request 1/3: Exodus 11
   Chapter 12/40
      Request 1/3: Exodus 12
   Chapter 13/40
      Request 1/3: Exodus 13
   Chapter 14/40
      Request 1/3: Exodus 14
   Chapter 15/40
      Request 1/3: Exodus 15
   Chapter 16/40
      Request 1/3: Exodus 16
   Chapter 17/40
      Request 1/3: Exodus 17
   Chapter 18/40
      Request 1/3: Exodus 18
   Chapter 19/40
      Request 1/3: Exodus 19
   Chapter 20/40
      Request 1/3: Exodus 20
   Chapter 21/40
      Request 1/3: Exodus 21
   Chapter 22/40
      Request 1/3: Exodus 22
   Chapter 23/40
      Request 1/3: Exodus 23
   Chapter 24/40
      Request 1/3: Exodus 24
   Chapter 25/40
      Request 1/3: Exodus 25
   Chapter 26/40
      Request 1/3: Exodus 26
   Chapter 27/40
      Request 1/3: Exodus 27
   Chapter 28/40
      Request 1/3: Exodus 28
   Chapter 29/40
      Request 1/3: Exodus 29
   Chapter 30/40
      Request 1/3: Exodus 30
   Chapter 31/40
      Request 1/3: Exodus 31
   Chapter 32/40
      Request 1/3: Exodus 32
   Chapter 33/40
      Request 1/3: Exodus 33
   Chapter 34/40
      Request 1/3: Exodus 34
   Chapter 35/40
      Request 1/3: Exodus 35
   Chapter 36/40
      Request 1/3: Exodus 36
   Chapter 37/40
      Request 1/3: Exodus 37
   Chapter 38/40
      Request 1/3: Exodus 38
   Chapter 39/40
      Request 1/3: Exodus 39
   Chapter 40/40
      Request 1/3: Exodus 40
   ✅ Saved /Users/dada/Desktop/Scriptura/versions/NKJV/NKJV_books/Exodus.json

[3/66] Leviticus

📖 Leviticus — 27 chapters
   Chapter 1/27
      Request 1/3: Leviticus 1
   Chapter 2/27
      Request 1/3: Leviticus 2
   Chapter 3/27
      Request 1/3: Leviticus 3
   Chapter 4/27
      Request 1/3: Leviticus 4
   Chapter 5/27
      Request 1/3: Leviticus 5
   Chapter 6/27
      Request 1/3: Leviticus 6
   Chapter 7/27
      Request 1/3: Leviticus 7
   Chapter 8/27
      Request 1/3: Leviticus 8
   Chapter 9/27
      Request 1/3: Leviticus 9
   Chapter 10/27
      Request 1/3: Leviticus 10
   Chapter 11/27
      Request 1/3: Leviticus 11
   Chapter 12/27
      Request 1/3: Leviticus 12
   Chapter 13/27
      Request 1/3: Leviticus 13
   Chapter 14/27
      Request 1/3: Leviticus 14
   Chapter 15/27
      Request 1/3: Leviticus 15
   Chapter 16/27
      Request 1/3: Leviticus 16
   Chapter 17/27
      Request 1/3: Leviticus 17
   Chapter 18/27
      Request 1/3: Leviticus 18
   Chapter 19/27
      Request 1/3: Leviticus 19
   Chapter 20/27
      Request 1/3: Leviticus 20
   Chapter 21/27
      Request 1/3: Leviticus 21
   Chapter 22/27
      Request 1/3: Leviticus 22
   Chapter 23/27
      Request 1/3: Leviticus 23
   Chapter 24/27
      Request 1/3: Leviticus 24
   Chapter 25/27
      Request 1/3: Leviticus 25
   Chapter 26/27
      Request 1/3: Leviticus 26
   Chapter 27/27
      Request 1/3: Leviticus 27
   ✅ Saved /Users/dada/Desktop/Scriptura/versions/NKJV/NKJV_books/Leviticus.json

[4/66] Numbers

📖 Numbers — 36 chapters
   Chapter 1/36
      Request 1/3: Numbers 1
   Chapter 2/36
      Request 1/3: Numbers 2
   Chapter 3/36
      Request 1/3: Numbers 3
   Chapter 4/36
      Request 1/3: Numbers 4
   Chapter 5/36
      Request 1/3: Numbers 5
   Chapter 6/36
      Request 1/3: Numbers 6
   Chapter 7/36
      Request 1/3: Numbers 7
   Chapter 8/36
      Request 1/3: Numbers 8
   Chapter 9/36
      Request 1/3: Numbers 9
   Chapter 10/36
      Request 1/3: Numbers 10
   Chapter 11/36
      Request 1/3: Numbers 11
   Chapter 12/36
      Request 1/3: Numbers 12
   Chapter 13/36
      Request 1/3: Numbers 13
   Chapter 14/36
      Request 1/3: Numbers 14
   Chapter 15/36
      Request 1/3: Numbers 15
   Chapter 16/36
      Request 1/3: Numbers 16
   Chapter 17/36
      Request 1/3: Numbers 17
   Chapter 18/36
      Request 1/3: Numbers 18
   Chapter 19/36
      Request 1/3: Numbers 19
   Chapter 20/36
      Request 1/3: Numbers 20
   Chapter 21/36
      Request 1/3: Numbers 21
   Chapter 22/36
      Request 1/3: Numbers 22
   Chapter 23/36
      Request 1/3: Numbers 23
   Chapter 24/36
      Request 1/3: Numbers 24
   Chapter 25/36
      Request 1/3: Numbers 25
   Chapter 26/36
      Request 1/3: Numbers 26
   Chapter 27/36
      Request 1/3: Numbers 27
   Chapter 28/36
      Request 1/3: Numbers 28
   Chapter 29/36
      Request 1/3: Numbers 29
   Chapter 30/36
      Request 1/3: Numbers 30
   Chapter 31/36
      Request 1/3: Numbers 31
   Chapter 32/36
      Request 1/3: Numbers 32
   Chapter 33/36
      Request 1/3: Numbers 33
   Chapter 34/36
      Request 1/3: Numbers 34
   Chapter 35/36
      Request 1/3: Numbers 35
   Chapter 36/36
      Request 1/3: Numbers 36
   ✅ Saved /Users/dada/Desktop/Scriptura/versions/NKJV/NKJV_books/Numbers.json

[5/66] Deuteronomy

📖 Deuteronomy — 34 chapters
   Chapter 1/34
      Request 1/3: Deuteronomy 1
   Chapter 2/34
      Request 1/3: Deuteronomy 2
   Chapter 3/34
      Request 1/3: Deuteronomy 3
   Chapter 4/34
      Request 1/3: Deuteronomy 4
   Chapter 5/34
      Request 1/3: Deuteronomy 5
   Chapter 6/34
      Request 1/3: Deuteronomy 6
   Chapter 7/34
      Request 1/3: Deuteronomy 7
   Chapter 8/34
      Request 1/3: Deuteronomy 8
   Chapter 9/34
      Request 1/3: Deuteronomy 9
   Chapter 10/34
      Request 1/3: Deuteronomy 10
   Chapter 11/34
      Request 1/3: Deuteronomy 11
   Chapter 12/34
      Request 1/3: Deuteronomy 12
   Chapter 13/34
      Request 1/3: Deuteronomy 13
   Chapter 14/34
      Request 1/3: Deuteronomy 14
   Chapter 15/34
      Request 1/3: Deuteronomy 15
   Chapter 16/34
      Request 1/3: Deuteronomy 16
   Chapter 17/34
      Request 1/3: Deuteronomy 17
   Chapter 18/34
      Request 1/3: Deuteronomy 18
   Chapter 19/34
      Request 1/3: Deuteronomy 19
   Chapter 20/34
      Request 1/3: Deuteronomy 20
   Chapter 21/34
      Request 1/3: Deuteronomy 21
   Chapter 22/34
      Request 1/3: Deuteronomy 22
   Chapter 23/34
      Request 1/3: Deuteronomy 23
   Chapter 24/34
      Request 1/3: Deuteronomy 24
   Chapter 25/34
      Request 1/3: Deuteronomy 25
   Chapter 26/34
      Request 1/3: Deuteronomy 26
   Chapter 27/34
      Request 1/3: Deuteronomy 27
   Chapter 28/34
      Request 1/3: Deuteronomy 28
   Chapter 29/34
      Request 1/3: Deuteronomy 29
   Chapter 30/34
      Request 1/3: Deuteronomy 30
   Chapter 31/34
      Request 1/3: Deuteronomy 31
   Chapter 32/34
      Request 1/3: Deuteronomy 32
   Chapter 33/34
      Request 1/3: Deuteronomy 33
   Chapter 34/34
      Request 1/3: Deuteronomy 34
   ✅ Saved /Users/dada/Desktop/Scriptura/versions/NKJV/NKJV_books/Deuteronomy.json

[6/66] Joshua

📖 Joshua — 24 chapters
   Chapter 1/24
      Request 1/3: Joshua 1
   Chapter 2/24
      Request 1/3: Joshua 2
   Chapter 3/24
      Request 1/3: Joshua 3
   Chapter 4/24
      Request 1/3: Joshua 4
   Chapter 5/24
      Request 1/3: Joshua 5
   Chapter 6/24
      Request 1/3: Joshua 6
   Chapter 7/24
      Request 1/3: Joshua 7
   Chapter 8/24
      Request 1/3: Joshua 8
   Chapter 9/24
      Request 1/3: Joshua 9
   Chapter 10/24
      Request 1/3: Joshua 10
   Chapter 11/24
      Request 1/3: Joshua 11
   Chapter 12/24
      Request 1/3: Joshua 12
   Chapter 13/24
      Request 1/3: Joshua 13
   Chapter 14/24
      Request 1/3: Joshua 14
   Chapter 15/24
      Request 1/3: Joshua 15
   Chapter 16/24
      Request 1/3: Joshua 16
   Chapter 17/24
      Request 1/3: Joshua 17
   Chapter 18/24
      Request 1/3: Joshua 18
   Chapter 19/24
      Request 1/3: Joshua 19
   Chapter 20/24
      Request 1/3: Joshua 20
   Chapter 21/24
      Request 1/3: Joshua 21
   Chapter 22/24
      Request 1/3: Joshua 22
   Chapter 23/24
      Request 1/3: Joshua 23
   Chapter 24/24
      Request 1/3: Joshua 24
   ✅ Saved /Users/dada/Desktop/Scriptura/versions/NKJV/NKJV_books/Joshua.json

[7/66] Judges

📖 Judges — 21 chapters
   Chapter 1/21
      Request 1/3: Judges 1
   Chapter 2/21
      Request 1/3: Judges 2
   Chapter 3/21
      Request 1/3: Judges 3
   Chapter 4/21
      Request 1/3: Judges 4
   Chapter 5/21
      Request 1/3: Judges 5
   Chapter 6/21
      Request 1/3: Judges 6
   Chapter 7/21
      Request 1/3: Judges 7
   Chapter 8/21
      Request 1/3: Judges 8
   Chapter 9/21
      Request 1/3: Judges 9
   Chapter 10/21
      Request 1/3: Judges 10
   Chapter 11/21
      Request 1/3: Judges 11
   Chapter 12/21
      Request 1/3: Judges 12
   Chapter 13/21
      Request 1/3: Judges 13
   Chapter 14/21
      Request 1/3: Judges 14
   Chapter 15/21
      Request 1/3: Judges 15
   Chapter 16/21
      Request 1/3: Judges 16
   Chapter 17/21
      Request 1/3: Judges 17
   Chapter 18/21
      Request 1/3: Judges 18
   Chapter 19/21
      Request 1/3: Judges 19
   Chapter 20/21
      Request 1/3: Judges 20
   Chapter 21/21
      Request 1/3: Judges 21
   ✅ Saved /Users/dada/Desktop/Scriptura/versions/NKJV/NKJV_books/Judges.json

[8/66] Ruth

📖 Ruth — 4 chapters
   Chapter 1/4
      Request 1/3: Ruth 1
   Chapter 2/4
      Request 1/3: Ruth 2
   Chapter 3/4
      Request 1/3: Ruth 3
   Chapter 4/4
      Request 1/3: Ruth 4
   ✅ Saved /Users/dada/Desktop/Scriptura/versions/NKJV/NKJV_books/Ruth.json

[9/66] 1 Samuel

📖 1 Samuel — 31 chapters
   Chapter 1/31
      Request 1/3: 1 Samuel 1
   Chapter 2/31
      Request 1/3: 1 Samuel 2
   Chapter 3/31
      Request 1/3: 1 Samuel 3
   Chapter 4/31
      Request 1/3: 1 Samuel 4
   Chapter 5/31
      Request 1/3: 1 Samuel 5
   Chapter 6/31
      Request 1/3: 1 Samuel 6
   Chapter 7/31
      Request 1/3: 1 Samuel 7
   Chapter 8/31
      Request 1/3: 1 Samuel 8
   Chapter 9/31
      Request 1/3: 1 Samuel 9
   Chapter 10/31
      Request 1/3: 1 Samuel 10
   Chapter 11/31
      Request 1/3: 1 Samuel 11
   Chapter 12/31
      Request 1/3: 1 Samuel 12
   Chapter 13/31
      Request 1/3: 1 Samuel 13
   Chapter 14/31
      Request 1/3: 1 Samuel 14
   Chapter 15/31
      Request 1/3: 1 Samuel 15
   Chapter 16/31
      Request 1/3: 1 Samuel 16
   Chapter 17/31
      Request 1/3: 1 Samuel 17
   Chapter 18/31
      Request 1/3: 1 Samuel 18
   Chapter 19/31
      Request 1/3: 1 Samuel 19
   Chapter 20/31
      Request 1/3: 1 Samuel 20
   Chapter 21/31
      Request 1/3: 1 Samuel 21
   Chapter 22/31
      Request 1/3: 1 Samuel 22
   Chapter 23/31
      Request 1/3: 1 Samuel 23
   Chapter 24/31
      Request 1/3: 1 Samuel 24
   Chapter 25/31
      Request 1/3: 1 Samuel 25
   Chapter 26/31
      Request 1/3: 1 Samuel 26
   Chapter 27/31
      Request 1/3: 1 Samuel 27
   Chapter 28/31
      Request 1/3: 1 Samuel 28
   Chapter 29/31
      Request 1/3: 1 Samuel 29
   Chapter 30/31
      Request 1/3: 1 Samuel 30
   Chapter 31/31
      Request 1/3: 1 Samuel 31
   ✅ Saved /Users/dada/Desktop/Scriptura/versions/NKJV/NKJV_books/1 Samuel.json

[10/66] 2 Samuel

📖 2 Samuel — 24 chapters
   Chapter 1/24
      Request 1/3: 2 Samuel 1
   Chapter 2/24
      Request 1/3: 2 Samuel 2
   Chapter 3/24
      Request 1/3: 2 Samuel 3
   Chapter 4/24
      Request 1/3: 2 Samuel 4
   Chapter 5/24
      Request 1/3: 2 Samuel 5
   Chapter 6/24
      Request 1/3: 2 Samuel 6
   Chapter 7/24
      Request 1/3: 2 Samuel 7
   Chapter 8/24
      Request 1/3: 2 Samuel 8
   Chapter 9/24
      Request 1/3: 2 Samuel 9
   Chapter 10/24
      Request 1/3: 2 Samuel 10
   Chapter 11/24
      Request 1/3: 2 Samuel 11
   Chapter 12/24
      Request 1/3: 2 Samuel 12
   Chapter 13/24
      Request 1/3: 2 Samuel 13
   Chapter 14/24
      Request 1/3: 2 Samuel 14
   Chapter 15/24
      Request 1/3: 2 Samuel 15
   Chapter 16/24
      Request 1/3: 2 Samuel 16
   Chapter 17/24
      Request 1/3: 2 Samuel 17
   Chapter 18/24
      Request 1/3: 2 Samuel 18
   Chapter 19/24
      Request 1/3: 2 Samuel 19
   Chapter 20/24
      Request 1/3: 2 Samuel 20
   Chapter 21/24
      Request 1/3: 2 Samuel 21
   Chapter 22/24
      Request 1/3: 2 Samuel 22
   Chapter 23/24
      Request 1/3: 2 Samuel 23
   Chapter 24/24
      Request 1/3: 2 Samuel 24
   ✅ Saved /Users/dada/Desktop/Scriptura/versions/NKJV/NKJV_books/2 Samuel.json

[11/66] 1 Kings

📖 1 Kings — 22 chapters
   Chapter 1/22
      Request 1/3: 1 Kings 1
   Chapter 2/22
      Request 1/3: 1 Kings 2
   Chapter 3/22
      Request 1/3: 1 Kings 3
   Chapter 4/22
      Request 1/3: 1 Kings 4
   Chapter 5/22
      Request 1/3: 1 Kings 5
   Chapter 6/22
      Request 1/3: 1 Kings 6
   Chapter 7/22
      Request 1/3: 1 Kings 7
   Chapter 8/22
      Request 1/3: 1 Kings 8
   Chapter 9/22
      Request 1/3: 1 Kings 9
   Chapter 10/22
      Request 1/3: 1 Kings 10
   Chapter 11/22
      Request 1/3: 1 Kings 11
   Chapter 12/22
      Request 1/3: 1 Kings 12
   Chapter 13/22
      Request 1/3: 1 Kings 13
   Chapter 14/22
      Request 1/3: 1 Kings 14
   Chapter 15/22
      Request 1/3: 1 Kings 15
   Chapter 16/22
      Request 1/3: 1 Kings 16
   Chapter 17/22
      Request 1/3: 1 Kings 17
   Chapter 18/22
      Request 1/3: 1 Kings 18
   Chapter 19/22
      Request 1/3: 1 Kings 19
   Chapter 20/22
      Request 1/3: 1 Kings 20
   Chapter 21/22
      Request 1/3: 1 Kings 21
   Chapter 22/22
      Request 1/3: 1 Kings 22
   ✅ Saved /Users/dada/Desktop/Scriptura/versions/NKJV/NKJV_books/1 Kings.json

[12/66] 2 Kings

📖 2 Kings — 25 chapters
   Chapter 1/25
      Request 1/3: 2 Kings 1
   Chapter 2/25
      Request 1/3: 2 Kings 2
   Chapter 3/25
      Request 1/3: 2 Kings 3
   Chapter 4/25
      Request 1/3: 2 Kings 4
   Chapter 5/25
      Request 1/3: 2 Kings 5
   Chapter 6/25
      Request 1/3: 2 Kings 6
   Chapter 7/25
      Request 1/3: 2 Kings 7
   Chapter 8/25
      Request 1/3: 2 Kings 8
   Chapter 9/25
      Request 1/3: 2 Kings 9
   Chapter 10/25
      Request 1/3: 2 Kings 10
   Chapter 11/25
      Request 1/3: 2 Kings 11
   Chapter 12/25
      Request 1/3: 2 Kings 12
   Chapter 13/25
      Request 1/3: 2 Kings 13
   Chapter 14/25
      Request 1/3: 2 Kings 14
   Chapter 15/25
      Request 1/3: 2 Kings 15
   Chapter 16/25
      Request 1/3: 2 Kings 16
   Chapter 17/25
      Request 1/3: 2 Kings 17
   Chapter 18/25
      Request 1/3: 2 Kings 18
   Chapter 19/25
      Request 1/3: 2 Kings 19
   Chapter 20/25
      Request 1/3: 2 Kings 20
   Chapter 21/25
      Request 1/3: 2 Kings 21
   Chapter 22/25
      Request 1/3: 2 Kings 22
   Chapter 23/25
      Request 1/3: 2 Kings 23
   Chapter 24/25
      Request 1/3: 2 Kings 24
   Chapter 25/25
      Request 1/3: 2 Kings 25
   ✅ Saved /Users/dada/Desktop/Scriptura/versions/NKJV/NKJV_books/2 Kings.json

[13/66] 1 Chronicles

📖 1 Chronicles — 29 chapters
   Chapter 1/29
      Request 1/3: 1 Chronicles 1
   Chapter 2/29
      Request 1/3: 1 Chronicles 2
   Chapter 3/29
      Request 1/3: 1 Chronicles 3
   Chapter 4/29
      Request 1/3: 1 Chronicles 4
   Chapter 5/29
      Request 1/3: 1 Chronicles 5
   Chapter 6/29
      Request 1/3: 1 Chronicles 6
   Chapter 7/29
      Request 1/3: 1 Chronicles 7
   Chapter 8/29
      Request 1/3: 1 Chronicles 8
   Chapter 9/29
      Request 1/3: 1 Chronicles 9
   Chapter 10/29
      Request 1/3: 1 Chronicles 10
   Chapter 11/29
      Request 1/3: 1 Chronicles 11
   Chapter 12/29
      Request 1/3: 1 Chronicles 12
   Chapter 13/29
      Request 1/3: 1 Chronicles 13
   Chapter 14/29
      Request 1/3: 1 Chronicles 14
   Chapter 15/29
      Request 1/3: 1 Chronicles 15
   Chapter 16/29
      Request 1/3: 1 Chronicles 16
   Chapter 17/29
      Request 1/3: 1 Chronicles 17
   Chapter 18/29
      Request 1/3: 1 Chronicles 18
   Chapter 19/29
      Request 1/3: 1 Chronicles 19
   Chapter 20/29
      Request 1/3: 1 Chronicles 20
   Chapter 21/29
      Request 1/3: 1 Chronicles 21
   Chapter 22/29
      Request 1/3: 1 Chronicles 22
   Chapter 23/29
      Request 1/3: 1 Chronicles 23
   Chapter 24/29
      Request 1/3: 1 Chronicles 24
   Chapter 25/29
      Request 1/3: 1 Chronicles 25
   Chapter 26/29
      Request 1/3: 1 Chronicles 26
   Chapter 27/29
      Request 1/3: 1 Chronicles 27
   Chapter 28/29
      Request 1/3: 1 Chronicles 28
   Chapter 29/29
      Request 1/3: 1 Chronicles 29
   ✅ Saved /Users/dada/Desktop/Scriptura/versions/NKJV/NKJV_books/1 Chronicles.json

[14/66] 2 Chronicles

📖 2 Chronicles — 36 chapters
   Chapter 1/36
      Request 1/3: 2 Chronicles 1
   Chapter 2/36
      Request 1/3: 2 Chronicles 2
   Chapter 3/36
      Request 1/3: 2 Chronicles 3
   Chapter 4/36
      Request 1/3: 2 Chronicles 4
   Chapter 5/36
      Request 1/3: 2 Chronicles 5
   Chapter 6/36
      Request 1/3: 2 Chronicles 6
   Chapter 7/36
      Request 1/3: 2 Chronicles 7
   Chapter 8/36
      Request 1/3: 2 Chronicles 8
   Chapter 9/36
      Request 1/3: 2 Chronicles 9
   Chapter 10/36
      Request 1/3: 2 Chronicles 10
   Chapter 11/36
      Request 1/3: 2 Chronicles 11
   Chapter 12/36
      Request 1/3: 2 Chronicles 12
   Chapter 13/36
      Request 1/3: 2 Chronicles 13
   Chapter 14/36
      Request 1/3: 2 Chronicles 14
   Chapter 15/36
      Request 1/3: 2 Chronicles 15
   Chapter 16/36
      Request 1/3: 2 Chronicles 16
   Chapter 17/36
      Request 1/3: 2 Chronicles 17
   Chapter 18/36
      Request 1/3: 2 Chronicles 18
   Chapter 19/36
      Request 1/3: 2 Chronicles 19
   Chapter 20/36
      Request 1/3: 2 Chronicles 20
   Chapter 21/36
      Request 1/3: 2 Chronicles 21
   Chapter 22/36
      Request 1/3: 2 Chronicles 22
   Chapter 23/36
      Request 1/3: 2 Chronicles 23
   Chapter 24/36
      Request 1/3: 2 Chronicles 24
   Chapter 25/36
      Request 1/3: 2 Chronicles 25
   Chapter 26/36
      Request 1/3: 2 Chronicles 26
   Chapter 27/36
      Request 1/3: 2 Chronicles 27
   Chapter 28/36
      Request 1/3: 2 Chronicles 28
   Chapter 29/36
      Request 1/3: 2 Chronicles 29
   Chapter 30/36
      Request 1/3: 2 Chronicles 30
   Chapter 31/36
      Request 1/3: 2 Chronicles 31
   Chapter 32/36
      Request 1/3: 2 Chronicles 32
   Chapter 33/36
      Request 1/3: 2 Chronicles 33
   Chapter 34/36
      Request 1/3: 2 Chronicles 34
   Chapter 35/36
      Request 1/3: 2 Chronicles 35
   Chapter 36/36
      Request 1/3: 2 Chronicles 36
   ✅ Saved /Users/dada/Desktop/Scriptura/versions/NKJV/NKJV_books/2 Chronicles.json

[15/66] Ezra

📖 Ezra — 10 chapters
   Chapter 1/10
      Request 1/3: Ezra 1
   Chapter 2/10
      Request 1/3: Ezra 2
   Chapter 3/10
      Request 1/3: Ezra 3
   Chapter 4/10
      Request 1/3: Ezra 4
   Chapter 5/10
      Request 1/3: Ezra 5
   Chapter 6/10
      Request 1/3: Ezra 6
   Chapter 7/10
      Request 1/3: Ezra 7
   Chapter 8/10
      Request 1/3: Ezra 8
   Chapter 9/10
      Request 1/3: Ezra 9
   Chapter 10/10
      Request 1/3: Ezra 10
   ✅ Saved /Users/dada/Desktop/Scriptura/versions/NKJV/NKJV_books/Ezra.json

[16/66] Nehemiah

📖 Nehemiah — 13 chapters
   Chapter 1/13
      Request 1/3: Nehemiah 1
   Chapter 2/13
      Request 1/3: Nehemiah 2
   Chapter 3/13
      Request 1/3: Nehemiah 3
   Chapter 4/13
      Request 1/3: Nehemiah 4
   Chapter 5/13
      Request 1/3: Nehemiah 5
   Chapter 6/13
      Request 1/3: Nehemiah 6
   Chapter 7/13
      Request 1/3: Nehemiah 7
   Chapter 8/13
      Request 1/3: Nehemiah 8
   Chapter 9/13
      Request 1/3: Nehemiah 9
   Chapter 10/13
      Request 1/3: Nehemiah 10
   Chapter 11/13
      Request 1/3: Nehemiah 11
   Chapter 12/13
      Request 1/3: Nehemiah 12
   Chapter 13/13
      Request 1/3: Nehemiah 13
   ✅ Saved /Users/dada/Desktop/Scriptura/versions/NKJV/NKJV_books/Nehemiah.json

[17/66] Esther

📖 Esther — 10 chapters
   Chapter 1/10
      Request 1/3: Esther 1
   Chapter 2/10
      Request 1/3: Esther 2
   Chapter 3/10
      Request 1/3: Esther 3
   Chapter 4/10
      Request 1/3: Esther 4
   Chapter 5/10
      Request 1/3: Esther 5
   Chapter 6/10
      Request 1/3: Esther 6
   Chapter 7/10
      Request 1/3: Esther 7
   Chapter 8/10
      Request 1/3: Esther 8
   Chapter 9/10
      Request 1/3: Esther 9
   Chapter 10/10
      Request 1/3: Esther 10
   ✅ Saved /Users/dada/Desktop/Scriptura/versions/NKJV/NKJV_books/Esther.json

[18/66] Job

📖 Job — 42 chapters
   Chapter 1/42
      Request 1/3: Job 1
   Chapter 2/42
      Request 1/3: Job 2
   Chapter 3/42
      Request 1/3: Job 3
   Chapter 4/42
      Request 1/3: Job 4
   Chapter 5/42
      Request 1/3: Job 5
   Chapter 6/42
      Request 1/3: Job 6
   Chapter 7/42
      Request 1/3: Job 7
   Chapter 8/42
      Request 1/3: Job 8
   Chapter 9/42
      Request 1/3: Job 9
   Chapter 10/42
      Request 1/3: Job 10
   Chapter 11/42
      Request 1/3: Job 11
   Chapter 12/42
      Request 1/3: Job 12
   Chapter 13/42
      Request 1/3: Job 13
   Chapter 14/42
      Request 1/3: Job 14
   Chapter 15/42
      Request 1/3: Job 15
   Chapter 16/42
      Request 1/3: Job 16
   Chapter 17/42
      Request 1/3: Job 17
   Chapter 18/42
      Request 1/3: Job 18
   Chapter 19/42
      Request 1/3: Job 19
   Chapter 20/42
      Request 1/3: Job 20
   Chapter 21/42
      Request 1/3: Job 21
   Chapter 22/42
      Request 1/3: Job 22
   Chapter 23/42
      Request 1/3: Job 23
   Chapter 24/42
      Request 1/3: Job 24
   Chapter 25/42
      Request 1/3: Job 25
   Chapter 26/42
      Request 1/3: Job 26
   Chapter 27/42
      Request 1/3: Job 27
   Chapter 28/42
      Request 1/3: Job 28
   Chapter 29/42
      Request 1/3: Job 29
   Chapter 30/42
      Request 1/3: Job 30
   Chapter 31/42
      Request 1/3: Job 31
   Chapter 32/42
      Request 1/3: Job 32
   Chapter 33/42
      Request 1/3: Job 33
   Chapter 34/42
      Request 1/3: Job 34
   Chapter 35/42
      Request 1/3: Job 35
   Chapter 36/42
      Request 1/3: Job 36
   Chapter 37/42
      Request 1/3: Job 37
   Chapter 38/42
      Request 1/3: Job 38
   Chapter 39/42
      Request 1/3: Job 39
   Chapter 40/42
      Request 1/3: Job 40
   Chapter 41/42
      Request 1/3: Job 41
   Chapter 42/42
      Request 1/3: Job 42
   ✅ Saved /Users/dada/Desktop/Scriptura/versions/NKJV/NKJV_books/Job.json

[19/66] Psalm

📖 Psalm — 150 chapters
   Chapter 1/150
      Request 1/3: Psalm 1
   Chapter 2/150
      Request 1/3: Psalm 2
   Chapter 3/150
      Request 1/3: Psalm 3
   Chapter 4/150
      Request 1/3: Psalm 4
   Chapter 5/150
      Request 1/3: Psalm 5
   Chapter 6/150
      Request 1/3: Psalm 6
   Chapter 7/150
      Request 1/3: Psalm 7
   Chapter 8/150
      Request 1/3: Psalm 8
   Chapter 9/150
      Request 1/3: Psalm 9
   Chapter 10/150
      Request 1/3: Psalm 10
   Chapter 11/150
      Request 1/3: Psalm 11
   Chapter 12/150
      Request 1/3: Psalm 12
   Chapter 13/150
      Request 1/3: Psalm 13
   Chapter 14/150
      Request 1/3: Psalm 14
   Chapter 15/150
      Request 1/3: Psalm 15
   Chapter 16/150
      Request 1/3: Psalm 16
   Chapter 17/150
      Request 1/3: Psalm 17
   Chapter 18/150
      Request 1/3: Psalm 18
   Chapter 19/150
      Request 1/3: Psalm 19
   Chapter 20/150
      Request 1/3: Psalm 20
   Chapter 21/150
      Request 1/3: Psalm 21
   Chapter 22/150
      Request 1/3: Psalm 22
   Chapter 23/150
      Request 1/3: Psalm 23
   Chapter 24/150
      Request 1/3: Psalm 24
   Chapter 25/150
      Request 1/3: Psalm 25
   Chapter 26/150
      Request 1/3: Psalm 26
   Chapter 27/150
      Request 1/3: Psalm 27
   Chapter 28/150
      Request 1/3: Psalm 28
   Chapter 29/150
      Request 1/3: Psalm 29
   Chapter 30/150
      Request 1/3: Psalm 30
   Chapter 31/150
      Request 1/3: Psalm 31
   Chapter 32/150
      Request 1/3: Psalm 32
   Chapter 33/150
      Request 1/3: Psalm 33
   Chapter 34/150
      Request 1/3: Psalm 34
   Chapter 35/150
      Request 1/3: Psalm 35
   Chapter 36/150
      Request 1/3: Psalm 36
   Chapter 37/150
      Request 1/3: Psalm 37
   Chapter 38/150
      Request 1/3: Psalm 38
   Chapter 39/150
      Request 1/3: Psalm 39
   Chapter 40/150
      Request 1/3: Psalm 40
   Chapter 41/150
      Request 1/3: Psalm 41
   Chapter 42/150
      Request 1/3: Psalm 42
   Chapter 43/150
      Request 1/3: Psalm 43
   Chapter 44/150
      Request 1/3: Psalm 44
   Chapter 45/150
      Request 1/3: Psalm 45
   Chapter 46/150
      Request 1/3: Psalm 46
   Chapter 47/150
      Request 1/3: Psalm 47
   Chapter 48/150
      Request 1/3: Psalm 48
   Chapter 49/150
      Request 1/3: Psalm 49
   Chapter 50/150
      Request 1/3: Psalm 50
   Chapter 51/150
      Request 1/3: Psalm 51
   Chapter 52/150
      Request 1/3: Psalm 52
   Chapter 53/150
      Request 1/3: Psalm 53
   Chapter 54/150
      Request 1/3: Psalm 54
   Chapter 55/150
      Request 1/3: Psalm 55
   Chapter 56/150
      Request 1/3: Psalm 56
   Chapter 57/150
      Request 1/3: Psalm 57
   Chapter 58/150
      Request 1/3: Psalm 58
   Chapter 59/150
      Request 1/3: Psalm 59
   Chapter 60/150
      Request 1/3: Psalm 60
   Chapter 61/150
      Request 1/3: Psalm 61
   Chapter 62/150
      Request 1/3: Psalm 62
   Chapter 63/150
      Request 1/3: Psalm 63
   Chapter 64/150
      Request 1/3: Psalm 64
   Chapter 65/150
      Request 1/3: Psalm 65
   Chapter 66/150
      Request 1/3: Psalm 66
   Chapter 67/150
      Request 1/3: Psalm 67
   Chapter 68/150
      Request 1/3: Psalm 68
   Chapter 69/150
      Request 1/3: Psalm 69
   Chapter 70/150
      Request 1/3: Psalm 70
   Chapter 71/150
      Request 1/3: Psalm 71
   Chapter 72/150
      Request 1/3: Psalm 72
   Chapter 73/150
      Request 1/3: Psalm 73
   Chapter 74/150
      Request 1/3: Psalm 74
   Chapter 75/150
      Request 1/3: Psalm 75
   Chapter 76/150
      Request 1/3: Psalm 76
   Chapter 77/150
      Request 1/3: Psalm 77
   Chapter 78/150
      Request 1/3: Psalm 78
   Chapter 79/150
      Request 1/3: Psalm 79
   Chapter 80/150
      Request 1/3: Psalm 80
   Chapter 81/150
      Request 1/3: Psalm 81
   Chapter 82/150
      Request 1/3: Psalm 82
   Chapter 83/150
      Request 1/3: Psalm 83
   Chapter 84/150
      Request 1/3: Psalm 84
   Chapter 85/150
      Request 1/3: Psalm 85
   Chapter 86/150
      Request 1/3: Psalm 86
   Chapter 87/150
      Request 1/3: Psalm 87
   Chapter 88/150
      Request 1/3: Psalm 88
   Chapter 89/150
      Request 1/3: Psalm 89
   Chapter 90/150
      Request 1/3: Psalm 90
   Chapter 91/150
      Request 1/3: Psalm 91
   Chapter 92/150
      Request 1/3: Psalm 92
   Chapter 93/150
      Request 1/3: Psalm 93
   Chapter 94/150
      Request 1/3: Psalm 94
   Chapter 95/150
      Request 1/3: Psalm 95
   Chapter 96/150
      Request 1/3: Psalm 96
   Chapter 97/150
      Request 1/3: Psalm 97
   Chapter 98/150
      Request 1/3: Psalm 98
   Chapter 99/150
      Request 1/3: Psalm 99
   Chapter 100/150
      Request 1/3: Psalm 100
   Chapter 101/150
      Request 1/3: Psalm 101
   Chapter 102/150
      Request 1/3: Psalm 102
   Chapter 103/150
      Request 1/3: Psalm 103
   Chapter 104/150
      Request 1/3: Psalm 104
   Chapter 105/150
      Request 1/3: Psalm 105
   Chapter 106/150
      Request 1/3: Psalm 106
   Chapter 107/150
      Request 1/3: Psalm 107
   Chapter 108/150
      Request 1/3: Psalm 108
   Chapter 109/150
      Request 1/3: Psalm 109
   Chapter 110/150
      Request 1/3: Psalm 110
   Chapter 111/150
      Request 1/3: Psalm 111
   Chapter 112/150
      Request 1/3: Psalm 112
   Chapter 113/150
      Request 1/3: Psalm 113
   Chapter 114/150
      Request 1/3: Psalm 114
   Chapter 115/150
      Request 1/3: Psalm 115
   Chapter 116/150
      Request 1/3: Psalm 116
   Chapter 117/150
      Request 1/3: Psalm 117
   Chapter 118/150
      Request 1/3: Psalm 118
   Chapter 119/150
      Request 1/3: Psalm 119
   Chapter 120/150
      Request 1/3: Psalm 120
   Chapter 121/150
      Request 1/3: Psalm 121
   Chapter 122/150
      Request 1/3: Psalm 122
   Chapter 123/150
      Request 1/3: Psalm 123
   Chapter 124/150
      Request 1/3: Psalm 124
   Chapter 125/150
      Request 1/3: Psalm 125
   Chapter 126/150
      Request 1/3: Psalm 126
   Chapter 127/150
      Request 1/3: Psalm 127
   Chapter 128/150
      Request 1/3: Psalm 128
   Chapter 129/150
      Request 1/3: Psalm 129
   Chapter 130/150
      Request 1/3: Psalm 130
   Chapter 131/150
      Request 1/3: Psalm 131
   Chapter 132/150
      Request 1/3: Psalm 132
   Chapter 133/150
      Request 1/3: Psalm 133
   Chapter 134/150
      Request 1/3: Psalm 134
   Chapter 135/150
      Request 1/3: Psalm 135
   Chapter 136/150
      Request 1/3: Psalm 136
   Chapter 137/150
      Request 1/3: Psalm 137
   Chapter 138/150
      Request 1/3: Psalm 138
   Chapter 139/150
      Request 1/3: Psalm 139
   Chapter 140/150
      Request 1/3: Psalm 140
   Chapter 141/150
      Request 1/3: Psalm 141
   Chapter 142/150
      Request 1/3: Psalm 142
   Chapter 143/150
      Request 1/3: Psalm 143
   Chapter 144/150
      Request 1/3: Psalm 144
   Chapter 145/150
      Request 1/3: Psalm 145
   Chapter 146/150
      Request 1/3: Psalm 146
   Chapter 147/150
      Request 1/3: Psalm 147
   Chapter 148/150
      Request 1/3: Psalm 148
   Chapter 149/150
      Request 1/3: Psalm 149
   Chapter 150/150
      Request 1/3: Psalm 150
   ✅ Saved /Users/dada/Desktop/Scriptura/versions/NKJV/NKJV_books/Psalm.json

[20/66] Proverbs

📖 Proverbs — 31 chapters
   Chapter 1/31
      Request 1/3: Proverbs 1
   Chapter 2/31
      Request 1/3: Proverbs 2
   Chapter 3/31
      Request 1/3: Proverbs 3
   Chapter 4/31
      Request 1/3: Proverbs 4
   Chapter 5/31
      Request 1/3: Proverbs 5
   Chapter 6/31
      Request 1/3: Proverbs 6
   Chapter 7/31
      Request 1/3: Proverbs 7
   Chapter 8/31
      Request 1/3: Proverbs 8
   Chapter 9/31
      Request 1/3: Proverbs 9
   Chapter 10/31
      Request 1/3: Proverbs 10
   Chapter 11/31
      Request 1/3: Proverbs 11
   Chapter 12/31
      Request 1/3: Proverbs 12
   Chapter 13/31
      Request 1/3: Proverbs 13
   Chapter 14/31
      Request 1/3: Proverbs 14
   Chapter 15/31
      Request 1/3: Proverbs 15
   Chapter 16/31
      Request 1/3: Proverbs 16
   Chapter 17/31
      Request 1/3: Proverbs 17
   Chapter 18/31
      Request 1/3: Proverbs 18
   Chapter 19/31
      Request 1/3: Proverbs 19
   Chapter 20/31
      Request 1/3: Proverbs 20
   Chapter 21/31
      Request 1/3: Proverbs 21
   Chapter 22/31
      Request 1/3: Proverbs 22
   Chapter 23/31
      Request 1/3: Proverbs 23
   Chapter 24/31
      Request 1/3: Proverbs 24
   Chapter 25/31
      Request 1/3: Proverbs 25
   Chapter 26/31
      Request 1/3: Proverbs 26
   Chapter 27/31
      Request 1/3: Proverbs 27
   Chapter 28/31
      Request 1/3: Proverbs 28
   Chapter 29/31
      Request 1/3: Proverbs 29
   Chapter 30/31
      Request 1/3: Proverbs 30
   Chapter 31/31
      Request 1/3: Proverbs 31
   ✅ Saved /Users/dada/Desktop/Scriptura/versions/NKJV/NKJV_books/Proverbs.json

[21/66] Ecclesiastes

📖 Ecclesiastes — 12 chapters
   Chapter 1/12
      Request 1/3: Ecclesiastes 1
   Chapter 2/12
      Request 1/3: Ecclesiastes 2
   Chapter 3/12
      Request 1/3: Ecclesiastes 3
   Chapter 4/12
      Request 1/3: Ecclesiastes 4
   Chapter 5/12
      Request 1/3: Ecclesiastes 5
   Chapter 6/12
      Request 1/3: Ecclesiastes 6
   Chapter 7/12
      Request 1/3: Ecclesiastes 7
   Chapter 8/12
      Request 1/3: Ecclesiastes 8
   Chapter 9/12
      Request 1/3: Ecclesiastes 9
   Chapter 10/12
      Request 1/3: Ecclesiastes 10
   Chapter 11/12
      Request 1/3: Ecclesiastes 11
   Chapter 12/12
      Request 1/3: Ecclesiastes 12
   ✅ Saved /Users/dada/Desktop/Scriptura/versions/NKJV/NKJV_books/Ecclesiastes.json

[22/66] Song Of Solomon

📖 Song Of Solomon — 8 chapters
   Chapter 1/8
      Request 1/3: Song Of Solomon 1
   Chapter 2/8
      Request 1/3: Song Of Solomon 2
   Chapter 3/8
      Request 1/3: Song Of Solomon 3
   Chapter 4/8
      Request 1/3: Song Of Solomon 4
   Chapter 5/8
      Request 1/3: Song Of Solomon 5
   Chapter 6/8
      Request 1/3: Song Of Solomon 6
   Chapter 7/8
      Request 1/3: Song Of Solomon 7
   Chapter 8/8
      Request 1/3: Song Of Solomon 8
   ✅ Saved /Users/dada/Desktop/Scriptura/versions/NKJV/NKJV_books/Song Of Solomon.json

[23/66] Isaiah

📖 Isaiah — 66 chapters
   Chapter 1/66
      Request 1/3: Isaiah 1
   Chapter 2/66
      Request 1/3: Isaiah 2
   Chapter 3/66
      Request 1/3: Isaiah 3
   Chapter 4/66
      Request 1/3: Isaiah 4
   Chapter 5/66
      Request 1/3: Isaiah 5
   Chapter 6/66
      Request 1/3: Isaiah 6
   Chapter 7/66
      Request 1/3: Isaiah 7
   Chapter 8/66
      Request 1/3: Isaiah 8
   Chapter 9/66
      Request 1/3: Isaiah 9
   Chapter 10/66
      Request 1/3: Isaiah 10
   Chapter 11/66
      Request 1/3: Isaiah 11
   Chapter 12/66
      Request 1/3: Isaiah 12
   Chapter 13/66
      Request 1/3: Isaiah 13
   Chapter 14/66
      Request 1/3: Isaiah 14
   Chapter 15/66
      Request 1/3: Isaiah 15
   Chapter 16/66
      Request 1/3: Isaiah 16
   Chapter 17/66
      Request 1/3: Isaiah 17
   Chapter 18/66
      Request 1/3: Isaiah 18
   Chapter 19/66
      Request 1/3: Isaiah 19
   Chapter 20/66
      Request 1/3: Isaiah 20
   Chapter 21/66
      Request 1/3: Isaiah 21
   Chapter 22/66
      Request 1/3: Isaiah 22
   Chapter 23/66
      Request 1/3: Isaiah 23
   Chapter 24/66
      Request 1/3: Isaiah 24
   Chapter 25/66
      Request 1/3: Isaiah 25
   Chapter 26/66
      Request 1/3: Isaiah 26
   Chapter 27/66
      Request 1/3: Isaiah 27
   Chapter 28/66
      Request 1/3: Isaiah 28
   Chapter 29/66
      Request 1/3: Isaiah 29
   Chapter 30/66
      Request 1/3: Isaiah 30
   Chapter 31/66
      Request 1/3: Isaiah 31
   Chapter 32/66
      Request 1/3: Isaiah 32
   Chapter 33/66
      Request 1/3: Isaiah 33
   Chapter 34/66
      Request 1/3: Isaiah 34
   Chapter 35/66
      Request 1/3: Isaiah 35
   Chapter 36/66
      Request 1/3: Isaiah 36
   Chapter 37/66
      Request 1/3: Isaiah 37
   Chapter 38/66
      Request 1/3: Isaiah 38
   Chapter 39/66
      Request 1/3: Isaiah 39
   Chapter 40/66
      Request 1/3: Isaiah 40
   Chapter 41/66
      Request 1/3: Isaiah 41
   Chapter 42/66
      Request 1/3: Isaiah 42
   Chapter 43/66
      Request 1/3: Isaiah 43
   Chapter 44/66
      Request 1/3: Isaiah 44
   Chapter 45/66
      Request 1/3: Isaiah 45
   Chapter 46/66
      Request 1/3: Isaiah 46
   Chapter 47/66
      Request 1/3: Isaiah 47
   Chapter 48/66
      Request 1/3: Isaiah 48
   Chapter 49/66
      Request 1/3: Isaiah 49
   Chapter 50/66
      Request 1/3: Isaiah 50
   Chapter 51/66
      Request 1/3: Isaiah 51
   Chapter 52/66
      Request 1/3: Isaiah 52
   Chapter 53/66
      Request 1/3: Isaiah 53
   Chapter 54/66
      Request 1/3: Isaiah 54
   Chapter 55/66
      Request 1/3: Isaiah 55
   Chapter 56/66
      Request 1/3: Isaiah 56
   Chapter 57/66
      Request 1/3: Isaiah 57
   Chapter 58/66
      Request 1/3: Isaiah 58
   Chapter 59/66
      Request 1/3: Isaiah 59
   Chapter 60/66
      Request 1/3: Isaiah 60
   Chapter 61/66
      Request 1/3: Isaiah 61
   Chapter 62/66
      Request 1/3: Isaiah 62
   Chapter 63/66
      Request 1/3: Isaiah 63
   Chapter 64/66
      Request 1/3: Isaiah 64
   Chapter 65/66
      Request 1/3: Isaiah 65
   Chapter 66/66
      Request 1/3: Isaiah 66
   ✅ Saved /Users/dada/Desktop/Scriptura/versions/NKJV/NKJV_books/Isaiah.json

[24/66] Jeremiah

📖 Jeremiah — 52 chapters
   Chapter 1/52
      Request 1/3: Jeremiah 1
   Chapter 2/52
      Request 1/3: Jeremiah 2
   Chapter 3/52
      Request 1/3: Jeremiah 3
   Chapter 4/52
      Request 1/3: Jeremiah 4
   Chapter 5/52
      Request 1/3: Jeremiah 5
   Chapter 6/52
      Request 1/3: Jeremiah 6
   Chapter 7/52
      Request 1/3: Jeremiah 7
   Chapter 8/52
      Request 1/3: Jeremiah 8
   Chapter 9/52
      Request 1/3: Jeremiah 9
   Chapter 10/52
      Request 1/3: Jeremiah 10
   Chapter 11/52
      Request 1/3: Jeremiah 11
   Chapter 12/52
      Request 1/3: Jeremiah 12
   Chapter 13/52
      Request 1/3: Jeremiah 13
   Chapter 14/52
      Request 1/3: Jeremiah 14
   Chapter 15/52
      Request 1/3: Jeremiah 15
   Chapter 16/52
      Request 1/3: Jeremiah 16
   Chapter 17/52
      Request 1/3: Jeremiah 17
   Chapter 18/52
      Request 1/3: Jeremiah 18
   Chapter 19/52
      Request 1/3: Jeremiah 19
   Chapter 20/52
      Request 1/3: Jeremiah 20
   Chapter 21/52
      Request 1/3: Jeremiah 21
   Chapter 22/52
      Request 1/3: Jeremiah 22
   Chapter 23/52
      Request 1/3: Jeremiah 23
   Chapter 24/52
      Request 1/3: Jeremiah 24
   Chapter 25/52
      Request 1/3: Jeremiah 25
   Chapter 26/52
      Request 1/3: Jeremiah 26
   Chapter 27/52
      Request 1/3: Jeremiah 27
   Chapter 28/52
      Request 1/3: Jeremiah 28
   Chapter 29/52
      Request 1/3: Jeremiah 29
   Chapter 30/52
      Request 1/3: Jeremiah 30
   Chapter 31/52
      Request 1/3: Jeremiah 31
   Chapter 32/52
      Request 1/3: Jeremiah 32
   Chapter 33/52
      Request 1/3: Jeremiah 33
   Chapter 34/52
      Request 1/3: Jeremiah 34
   Chapter 35/52
      Request 1/3: Jeremiah 35
   Chapter 36/52
      Request 1/3: Jeremiah 36
   Chapter 37/52
      Request 1/3: Jeremiah 37
   Chapter 38/52
      Request 1/3: Jeremiah 38
   Chapter 39/52
      Request 1/3: Jeremiah 39
   Chapter 40/52
      Request 1/3: Jeremiah 40
   Chapter 41/52
      Request 1/3: Jeremiah 41
   Chapter 42/52
      Request 1/3: Jeremiah 42
   Chapter 43/52
      Request 1/3: Jeremiah 43
   Chapter 44/52
      Request 1/3: Jeremiah 44
   Chapter 45/52
      Request 1/3: Jeremiah 45
   Chapter 46/52
      Request 1/3: Jeremiah 46
   Chapter 47/52
      Request 1/3: Jeremiah 47
   Chapter 48/52
      Request 1/3: Jeremiah 48
   Chapter 49/52
      Request 1/3: Jeremiah 49
   Chapter 50/52
      Request 1/3: Jeremiah 50
   Chapter 51/52
      Request 1/3: Jeremiah 51
   Chapter 52/52
      Request 1/3: Jeremiah 52
   ✅ Saved /Users/dada/Desktop/Scriptura/versions/NKJV/NKJV_books/Jeremiah.json

[25/66] Lamentations

📖 Lamentations — 5 chapters
   Chapter 1/5
      Request 1/3: Lamentations 1
   Chapter 2/5
      Request 1/3: Lamentations 2
   Chapter 3/5
      Request 1/3: Lamentations 3
   Chapter 4/5
      Request 1/3: Lamentations 4
   Chapter 5/5
      Request 1/3: Lamentations 5
   ✅ Saved /Users/dada/Desktop/Scriptura/versions/NKJV/NKJV_books/Lamentations.json

[26/66] Ezekiel

📖 Ezekiel — 48 chapters
   Chapter 1/48
      Request 1/3: Ezekiel 1
   Chapter 2/48
      Request 1/3: Ezekiel 2
   Chapter 3/48
      Request 1/3: Ezekiel 3
   Chapter 4/48
      Request 1/3: Ezekiel 4
   Chapter 5/48
      Request 1/3: Ezekiel 5
   Chapter 6/48
      Request 1/3: Ezekiel 6
   Chapter 7/48
      Request 1/3: Ezekiel 7
   Chapter 8/48
      Request 1/3: Ezekiel 8
   Chapter 9/48
      Request 1/3: Ezekiel 9
   Chapter 10/48
      Request 1/3: Ezekiel 10
   Chapter 11/48
      Request 1/3: Ezekiel 11
   Chapter 12/48
      Request 1/3: Ezekiel 12
   Chapter 13/48
      Request 1/3: Ezekiel 13
   Chapter 14/48
      Request 1/3: Ezekiel 14
   Chapter 15/48
      Request 1/3: Ezekiel 15
   Chapter 16/48
      Request 1/3: Ezekiel 16
   Chapter 17/48
      Request 1/3: Ezekiel 17
   Chapter 18/48
      Request 1/3: Ezekiel 18
   Chapter 19/48
      Request 1/3: Ezekiel 19
   Chapter 20/48
      Request 1/3: Ezekiel 20
   Chapter 21/48
      Request 1/3: Ezekiel 21
   Chapter 22/48
      Request 1/3: Ezekiel 22
   Chapter 23/48
      Request 1/3: Ezekiel 23
   Chapter 24/48
      Request 1/3: Ezekiel 24
   Chapter 25/48
      Request 1/3: Ezekiel 25
   Chapter 26/48
      Request 1/3: Ezekiel 26
   Chapter 27/48
      Request 1/3: Ezekiel 27
   Chapter 28/48
      Request 1/3: Ezekiel 28
   Chapter 29/48
      Request 1/3: Ezekiel 29
   Chapter 30/48
      Request 1/3: Ezekiel 30
   Chapter 31/48
      Request 1/3: Ezekiel 31
   Chapter 32/48
      Request 1/3: Ezekiel 32
   Chapter 33/48
      Request 1/3: Ezekiel 33
   Chapter 34/48
      Request 1/3: Ezekiel 34
   Chapter 35/48
      Request 1/3: Ezekiel 35
   Chapter 36/48
      Request 1/3: Ezekiel 36
   Chapter 37/48
      Request 1/3: Ezekiel 37
   Chapter 38/48
      Request 1/3: Ezekiel 38
   Chapter 39/48
      Request 1/3: Ezekiel 39
   Chapter 40/48
      Request 1/3: Ezekiel 40
   Chapter 41/48
      Request 1/3: Ezekiel 41
   Chapter 42/48
      Request 1/3: Ezekiel 42
   Chapter 43/48
      Request 1/3: Ezekiel 43
   Chapter 44/48
      Request 1/3: Ezekiel 44
   Chapter 45/48
      Request 1/3: Ezekiel 45
   Chapter 46/48
      Request 1/3: Ezekiel 46
   Chapter 47/48
      Request 1/3: Ezekiel 47
   Chapter 48/48
      Request 1/3: Ezekiel 48
   ✅ Saved /Users/dada/Desktop/Scriptura/versions/NKJV/NKJV_books/Ezekiel.json

[27/66] Daniel

📖 Daniel — 12 chapters
   Chapter 1/12
      Request 1/3: Daniel 1
   Chapter 2/12
      Request 1/3: Daniel 2
   Chapter 3/12
      Request 1/3: Daniel 3
   Chapter 4/12
      Request 1/3: Daniel 4
   Chapter 5/12
      Request 1/3: Daniel 5
   Chapter 6/12
      Request 1/3: Daniel 6
   Chapter 7/12
      Request 1/3: Daniel 7
   Chapter 8/12
      Request 1/3: Daniel 8
   Chapter 9/12
      Request 1/3: Daniel 9
   Chapter 10/12
      Request 1/3: Daniel 10
   Chapter 11/12
      Request 1/3: Daniel 11
   Chapter 12/12
      Request 1/3: Daniel 12
   ✅ Saved /Users/dada/Desktop/Scriptura/versions/NKJV/NKJV_books/Daniel.json

[28/66] Hosea

📖 Hosea — 14 chapters
   Chapter 1/14
      Request 1/3: Hosea 1
   Chapter 2/14
      Request 1/3: Hosea 2
   Chapter 3/14
      Request 1/3: Hosea 3
   Chapter 4/14
      Request 1/3: Hosea 4
   Chapter 5/14
      Request 1/3: Hosea 5
   Chapter 6/14
      Request 1/3: Hosea 6
   Chapter 7/14
      Request 1/3: Hosea 7
   Chapter 8/14
      Request 1/3: Hosea 8
   Chapter 9/14
      Request 1/3: Hosea 9
   Chapter 10/14
      Request 1/3: Hosea 10
   Chapter 11/14
      Request 1/3: Hosea 11
   Chapter 12/14
      Request 1/3: Hosea 12
   Chapter 13/14
      Request 1/3: Hosea 13
   Chapter 14/14
      Request 1/3: Hosea 14
   ✅ Saved /Users/dada/Desktop/Scriptura/versions/NKJV/NKJV_books/Hosea.json

[29/66] Joel

📖 Joel — 3 chapters
   Chapter 1/3
      Request 1/3: Joel 1
   Chapter 2/3
      Request 1/3: Joel 2
   Chapter 3/3
      Request 1/3: Joel 3
   ✅ Saved /Users/dada/Desktop/Scriptura/versions/NKJV/NKJV_books/Joel.json

[30/66] Amos

📖 Amos — 9 chapters
   Chapter 1/9
      Request 1/3: Amos 1
   Chapter 2/9
      Request 1/3: Amos 2
   Chapter 3/9
      Request 1/3: Amos 3
   Chapter 4/9
      Request 1/3: Amos 4
   Chapter 5/9
      Request 1/3: Amos 5
   Chapter 6/9
      Request 1/3: Amos 6
   Chapter 7/9
      Request 1/3: Amos 7
   Chapter 8/9
      Request 1/3: Amos 8
   Chapter 9/9
      Request 1/3: Amos 9
   ✅ Saved /Users/dada/Desktop/Scriptura/versions/NKJV/NKJV_books/Amos.json

[31/66] Obadiah

📖 Obadiah — 1 chapters
   Chapter 1/1
      Request 1/3: Obadiah 1
   ✅ Saved /Users/dada/Desktop/Scriptura/versions/NKJV/NKJV_books/Obadiah.json

[32/66] Jonah

📖 Jonah — 4 chapters
   Chapter 1/4
      Request 1/3: Jonah 1
   Chapter 2/4
      Request 1/3: Jonah 2
   Chapter 3/4
      Request 1/3: Jonah 3
   Chapter 4/4
      Request 1/3: Jonah 4
   ✅ Saved /Users/dada/Desktop/Scriptura/versions/NKJV/NKJV_books/Jonah.json

[33/66] Micah

📖 Micah — 7 chapters
   Chapter 1/7
      Request 1/3: Micah 1
   Chapter 2/7
      Request 1/3: Micah 2
   Chapter 3/7
      Request 1/3: Micah 3
   Chapter 4/7
      Request 1/3: Micah 4
   Chapter 5/7
      Request 1/3: Micah 5
   Chapter 6/7
      Request 1/3: Micah 6
   Chapter 7/7
      Request 1/3: Micah 7
   ✅ Saved /Users/dada/Desktop/Scriptura/versions/NKJV/NKJV_books/Micah.json

[34/66] Nahum

📖 Nahum — 3 chapters
   Chapter 1/3
      Request 1/3: Nahum 1
   Chapter 2/3
      Request 1/3: Nahum 2
   Chapter 3/3
      Request 1/3: Nahum 3
   ✅ Saved /Users/dada/Desktop/Scriptura/versions/NKJV/NKJV_books/Nahum.json

[35/66] Habakkuk

📖 Habakkuk — 3 chapters
   Chapter 1/3
      Request 1/3: Habakkuk 1
   Chapter 2/3
      Request 1/3: Habakkuk 2
   Chapter 3/3
      Request 1/3: Habakkuk 3
   ✅ Saved /Users/dada/Desktop/Scriptura/versions/NKJV/NKJV_books/Habakkuk.json

[36/66] Zephaniah

📖 Zephaniah — 3 chapters
   Chapter 1/3
      Request 1/3: Zephaniah 1
   Chapter 2/3
      Request 1/3: Zephaniah 2
   Chapter 3/3
      Request 1/3: Zephaniah 3
   ✅ Saved /Users/dada/Desktop/Scriptura/versions/NKJV/NKJV_books/Zephaniah.json

[37/66] Haggai

📖 Haggai — 2 chapters
   Chapter 1/2
      Request 1/3: Haggai 1
   Chapter 2/2
      Request 1/3: Haggai 2
   ✅ Saved /Users/dada/Desktop/Scriptura/versions/NKJV/NKJV_books/Haggai.json

[38/66] Zechariah

📖 Zechariah — 14 chapters
   Chapter 1/14
      Request 1/3: Zechariah 1
   Chapter 2/14
      Request 1/3: Zechariah 2
   Chapter 3/14
      Request 1/3: Zechariah 3
   Chapter 4/14
      Request 1/3: Zechariah 4
   Chapter 5/14
      Request 1/3: Zechariah 5
   Chapter 6/14
      Request 1/3: Zechariah 6
   Chapter 7/14
      Request 1/3: Zechariah 7
   Chapter 8/14
      Request 1/3: Zechariah 8
   Chapter 9/14
      Request 1/3: Zechariah 9
   Chapter 10/14
      Request 1/3: Zechariah 10
   Chapter 11/14
      Request 1/3: Zechariah 11
   Chapter 12/14
      Request 1/3: Zechariah 12
   Chapter 13/14
      Request 1/3: Zechariah 13
   Chapter 14/14
      Request 1/3: Zechariah 14
   ✅ Saved /Users/dada/Desktop/Scriptura/versions/NKJV/NKJV_books/Zechariah.json

[39/66] Malachi

📖 Malachi — 4 chapters
   Chapter 1/4
      Request 1/3: Malachi 1
   Chapter 2/4
      Request 1/3: Malachi 2
   Chapter 3/4
      Request 1/3: Malachi 3
   Chapter 4/4
      Request 1/3: Malachi 4
   ✅ Saved /Users/dada/Desktop/Scriptura/versions/NKJV/NKJV_books/Malachi.json

[40/66] Matthew

📖 Matthew — 28 chapters
   Chapter 1/28
      Request 1/3: Matthew 1
   Chapter 2/28
      Request 1/3: Matthew 2
   Chapter 3/28
      Request 1/3: Matthew 3
   Chapter 4/28
      Request 1/3: Matthew 4
   Chapter 5/28
      Request 1/3: Matthew 5
   Chapter 6/28
      Request 1/3: Matthew 6
   Chapter 7/28
      Request 1/3: Matthew 7
   Chapter 8/28
      Request 1/3: Matthew 8
   Chapter 9/28
      Request 1/3: Matthew 9
   Chapter 10/28
      Request 1/3: Matthew 10
   Chapter 11/28
      Request 1/3: Matthew 11
   Chapter 12/28
      Request 1/3: Matthew 12
   Chapter 13/28
      Request 1/3: Matthew 13
   Chapter 14/28
      Request 1/3: Matthew 14
   Chapter 15/28
      Request 1/3: Matthew 15
   Chapter 16/28
      Request 1/3: Matthew 16
   Chapter 17/28
      Request 1/3: Matthew 17
   Chapter 18/28
      Request 1/3: Matthew 18
   Chapter 19/28
      Request 1/3: Matthew 19
   Chapter 20/28
      Request 1/3: Matthew 20
   Chapter 21/28
      Request 1/3: Matthew 21
   Chapter 22/28
      Request 1/3: Matthew 22
   Chapter 23/28
      Request 1/3: Matthew 23
   Chapter 24/28
      Request 1/3: Matthew 24
   Chapter 25/28
      Request 1/3: Matthew 25
   Chapter 26/28
      Request 1/3: Matthew 26
   Chapter 27/28
      Request 1/3: Matthew 27
   Chapter 28/28
      Request 1/3: Matthew 28
   ✅ Saved /Users/dada/Desktop/Scriptura/versions/NKJV/NKJV_books/Matthew.json

[41/66] Mark

📖 Mark — 16 chapters
   Chapter 1/16
      Request 1/3: Mark 1
   Chapter 2/16
      Request 1/3: Mark 2
   Chapter 3/16
      Request 1/3: Mark 3
   Chapter 4/16
      Request 1/3: Mark 4
   Chapter 5/16
      Request 1/3: Mark 5
   Chapter 6/16
      Request 1/3: Mark 6
   Chapter 7/16
      Request 1/3: Mark 7
   Chapter 8/16
      Request 1/3: Mark 8
   Chapter 9/16
      Request 1/3: Mark 9
   Chapter 10/16
      Request 1/3: Mark 10
   Chapter 11/16
      Request 1/3: Mark 11
   Chapter 12/16
      Request 1/3: Mark 12
   Chapter 13/16
      Request 1/3: Mark 13
   Chapter 14/16
      Request 1/3: Mark 14
   Chapter 15/16
      Request 1/3: Mark 15
   Chapter 16/16
      Request 1/3: Mark 16
   ✅ Saved /Users/dada/Desktop/Scriptura/versions/NKJV/NKJV_books/Mark.json

[42/66] Luke

📖 Luke — 24 chapters
   Chapter 1/24
      Request 1/3: Luke 1
   Chapter 2/24
      Request 1/3: Luke 2
   Chapter 3/24
      Request 1/3: Luke 3
   Chapter 4/24
      Request 1/3: Luke 4
   Chapter 5/24
      Request 1/3: Luke 5
   Chapter 6/24
      Request 1/3: Luke 6
   Chapter 7/24
      Request 1/3: Luke 7
   Chapter 8/24
      Request 1/3: Luke 8
   Chapter 9/24
      Request 1/3: Luke 9
   Chapter 10/24
      Request 1/3: Luke 10
   Chapter 11/24
      Request 1/3: Luke 11
   Chapter 12/24
      Request 1/3: Luke 12
   Chapter 13/24
      Request 1/3: Luke 13
   Chapter 14/24
      Request 1/3: Luke 14
   Chapter 15/24
      Request 1/3: Luke 15
   Chapter 16/24
      Request 1/3: Luke 16
   Chapter 17/24
      Request 1/3: Luke 17
   Chapter 18/24
      Request 1/3: Luke 18
   Chapter 19/24
      Request 1/3: Luke 19
   Chapter 20/24
      Request 1/3: Luke 20
   Chapter 21/24
      Request 1/3: Luke 21
   Chapter 22/24
      Request 1/3: Luke 22
   Chapter 23/24
      Request 1/3: Luke 23
   Chapter 24/24
      Request 1/3: Luke 24
   ✅ Saved /Users/dada/Desktop/Scriptura/versions/NKJV/NKJV_books/Luke.json

[43/66] John

📖 John — 21 chapters
   Chapter 1/21
      Request 1/3: John 1
   Chapter 2/21
      Request 1/3: John 2
   Chapter 3/21
      Request 1/3: John 3
   Chapter 4/21
      Request 1/3: John 4
   Chapter 5/21
      Request 1/3: John 5
   Chapter 6/21
      Request 1/3: John 6
   Chapter 7/21
      Request 1/3: John 7
   Chapter 8/21
      Request 1/3: John 8
   Chapter 9/21
      Request 1/3: John 9
   Chapter 10/21
      Request 1/3: John 10
   Chapter 11/21
      Request 1/3: John 11
   Chapter 12/21
      Request 1/3: John 12
   Chapter 13/21
      Request 1/3: John 13
   Chapter 14/21
      Request 1/3: John 14
   Chapter 15/21
      Request 1/3: John 15
   Chapter 16/21
      Request 1/3: John 16
   Chapter 17/21
      Request 1/3: John 17
   Chapter 18/21
      Request 1/3: John 18
   Chapter 19/21
      Request 1/3: John 19
   Chapter 20/21
      Request 1/3: John 20
   Chapter 21/21
      Request 1/3: John 21
   ✅ Saved /Users/dada/Desktop/Scriptura/versions/NKJV/NKJV_books/John.json

[44/66] Acts

📖 Acts — 28 chapters
   Chapter 1/28
      Request 1/3: Acts 1
   Chapter 2/28
      Request 1/3: Acts 2
   Chapter 3/28
      Request 1/3: Acts 3
   Chapter 4/28
      Request 1/3: Acts 4
   Chapter 5/28
      Request 1/3: Acts 5
   Chapter 6/28
      Request 1/3: Acts 6
   Chapter 7/28
      Request 1/3: Acts 7
   Chapter 8/28
      Request 1/3: Acts 8
   Chapter 9/28
      Request 1/3: Acts 9
   Chapter 10/28
      Request 1/3: Acts 10
   Chapter 11/28
      Request 1/3: Acts 11
   Chapter 12/28
      Request 1/3: Acts 12
   Chapter 13/28
      Request 1/3: Acts 13
   Chapter 14/28
      Request 1/3: Acts 14
   Chapter 15/28
      Request 1/3: Acts 15
   Chapter 16/28
      Request 1/3: Acts 16
   Chapter 17/28
      Request 1/3: Acts 17
   Chapter 18/28
      Request 1/3: Acts 18
   Chapter 19/28
      Request 1/3: Acts 19
   Chapter 20/28
      Request 1/3: Acts 20
   Chapter 21/28
      Request 1/3: Acts 21
   Chapter 22/28
      Request 1/3: Acts 22
   Chapter 23/28
      Request 1/3: Acts 23
   Chapter 24/28
      Request 1/3: Acts 24
   Chapter 25/28
      Request 1/3: Acts 25
   Chapter 26/28
      Request 1/3: Acts 26
   Chapter 27/28
      Request 1/3: Acts 27
   Chapter 28/28
      Request 1/3: Acts 28
   ✅ Saved /Users/dada/Desktop/Scriptura/versions/NKJV/NKJV_books/Acts.json

[45/66] Romans

📖 Romans — 16 chapters
   Chapter 1/16
      Request 1/3: Romans 1
   Chapter 2/16
      Request 1/3: Romans 2
   Chapter 3/16
      Request 1/3: Romans 3
   Chapter 4/16
      Request 1/3: Romans 4
   Chapter 5/16
      Request 1/3: Romans 5
   Chapter 6/16
      Request 1/3: Romans 6
   Chapter 7/16
      Request 1/3: Romans 7
   Chapter 8/16
      Request 1/3: Romans 8
   Chapter 9/16
      Request 1/3: Romans 9
   Chapter 10/16
      Request 1/3: Romans 10
   Chapter 11/16
      Request 1/3: Romans 11
   Chapter 12/16
      Request 1/3: Romans 12
   Chapter 13/16
      Request 1/3: Romans 13
   Chapter 14/16
      Request 1/3: Romans 14
   Chapter 15/16
      Request 1/3: Romans 15
   Chapter 16/16
      Request 1/3: Romans 16
   ✅ Saved /Users/dada/Desktop/Scriptura/versions/NKJV/NKJV_books/Romans.json

[46/66] 1 Corinthians

📖 1 Corinthians — 16 chapters
   Chapter 1/16
      Request 1/3: 1 Corinthians 1
   Chapter 2/16
      Request 1/3: 1 Corinthians 2
   Chapter 3/16
      Request 1/3: 1 Corinthians 3
   Chapter 4/16
      Request 1/3: 1 Corinthians 4
   Chapter 5/16
      Request 1/3: 1 Corinthians 5
   Chapter 6/16
      Request 1/3: 1 Corinthians 6
   Chapter 7/16
      Request 1/3: 1 Corinthians 7
   Chapter 8/16
      Request 1/3: 1 Corinthians 8
   Chapter 9/16
      Request 1/3: 1 Corinthians 9
   Chapter 10/16
      Request 1/3: 1 Corinthians 10
   Chapter 11/16
      Request 1/3: 1 Corinthians 11
   Chapter 12/16
      Request 1/3: 1 Corinthians 12
   Chapter 13/16
      Request 1/3: 1 Corinthians 13
   Chapter 14/16
      Request 1/3: 1 Corinthians 14
   Chapter 15/16
      Request 1/3: 1 Corinthians 15
   Chapter 16/16
      Request 1/3: 1 Corinthians 16
   ✅ Saved /Users/dada/Desktop/Scriptura/versions/NKJV/NKJV_books/1 Corinthians.json

[47/66] 2 Corinthians

📖 2 Corinthians — 13 chapters
   Chapter 1/13
      Request 1/3: 2 Corinthians 1
   Chapter 2/13
      Request 1/3: 2 Corinthians 2
   Chapter 3/13
      Request 1/3: 2 Corinthians 3
   Chapter 4/13
      Request 1/3: 2 Corinthians 4
   Chapter 5/13
      Request 1/3: 2 Corinthians 5
   Chapter 6/13
      Request 1/3: 2 Corinthians 6
   Chapter 7/13
      Request 1/3: 2 Corinthians 7
   Chapter 8/13
      Request 1/3: 2 Corinthians 8
   Chapter 9/13
      Request 1/3: 2 Corinthians 9
   Chapter 10/13
      Request 1/3: 2 Corinthians 10
   Chapter 11/13
      Request 1/3: 2 Corinthians 11
   Chapter 12/13
      Request 1/3: 2 Corinthians 12
   Chapter 13/13
      Request 1/3: 2 Corinthians 13
   ✅ Saved /Users/dada/Desktop/Scriptura/versions/NKJV/NKJV_books/2 Corinthians.json

[48/66] Galatians

📖 Galatians — 6 chapters
   Chapter 1/6
      Request 1/3: Galatians 1
   Chapter 2/6
      Request 1/3: Galatians 2
   Chapter 3/6
      Request 1/3: Galatians 3
   Chapter 4/6
      Request 1/3: Galatians 4
   Chapter 5/6
      Request 1/3: Galatians 5
   Chapter 6/6
      Request 1/3: Galatians 6
   ✅ Saved /Users/dada/Desktop/Scriptura/versions/NKJV/NKJV_books/Galatians.json

[49/66] Ephesians

📖 Ephesians — 6 chapters
   Chapter 1/6
      Request 1/3: Ephesians 1
   Chapter 2/6
      Request 1/3: Ephesians 2
   Chapter 3/6
      Request 1/3: Ephesians 3
   Chapter 4/6
      Request 1/3: Ephesians 4
   Chapter 5/6
      Request 1/3: Ephesians 5
   Chapter 6/6
      Request 1/3: Ephesians 6
   ✅ Saved /Users/dada/Desktop/Scriptura/versions/NKJV/NKJV_books/Ephesians.json

[50/66] Philippians

📖 Philippians — 4 chapters
   Chapter 1/4
      Request 1/3: Philippians 1
   Chapter 2/4
      Request 1/3: Philippians 2
   Chapter 3/4
      Request 1/3: Philippians 3
   Chapter 4/4
      Request 1/3: Philippians 4
   ✅ Saved /Users/dada/Desktop/Scriptura/versions/NKJV/NKJV_books/Philippians.json

[51/66] Colossians

📖 Colossians — 4 chapters
   Chapter 1/4
      Request 1/3: Colossians 1
   Chapter 2/4
      Request 1/3: Colossians 2
   Chapter 3/4
      Request 1/3: Colossians 3
   Chapter 4/4
      Request 1/3: Colossians 4
   ✅ Saved /Users/dada/Desktop/Scriptura/versions/NKJV/NKJV_books/Colossians.json

[52/66] 1 Thessalonians

📖 1 Thessalonians — 5 chapters
   Chapter 1/5
      Request 1/3: 1 Thessalonians 1
   Chapter 2/5
      Request 1/3: 1 Thessalonians 2
   Chapter 3/5
      Request 1/3: 1 Thessalonians 3
   Chapter 4/5
      Request 1/3: 1 Thessalonians 4
   Chapter 5/5
      Request 1/3: 1 Thessalonians 5
   ✅ Saved /Users/dada/Desktop/Scriptura/versions/NKJV/NKJV_books/1 Thessalonians.json

[53/66] 2 Thessalonians

📖 2 Thessalonians — 3 chapters
   Chapter 1/3
      Request 1/3: 2 Thessalonians 1
   Chapter 2/3
      Request 1/3: 2 Thessalonians 2
   Chapter 3/3
      Request 1/3: 2 Thessalonians 3
   ✅ Saved /Users/dada/Desktop/Scriptura/versions/NKJV/NKJV_books/2 Thessalonians.json

[54/66] 1 Timothy

📖 1 Timothy — 6 chapters
   Chapter 1/6
      Request 1/3: 1 Timothy 1
   Chapter 2/6
      Request 1/3: 1 Timothy 2
   Chapter 3/6
      Request 1/3: 1 Timothy 3
   Chapter 4/6
      Request 1/3: 1 Timothy 4
   Chapter 5/6
      Request 1/3: 1 Timothy 5
   Chapter 6/6
      Request 1/3: 1 Timothy 6
   ✅ Saved /Users/dada/Desktop/Scriptura/versions/NKJV/NKJV_books/1 Timothy.json

[55/66] 2 Timothy

📖 2 Timothy — 4 chapters
   Chapter 1/4
      Request 1/3: 2 Timothy 1
   Chapter 2/4
      Request 1/3: 2 Timothy 2
   Chapter 3/4
      Request 1/3: 2 Timothy 3
   Chapter 4/4
      Request 1/3: 2 Timothy 4
   ✅ Saved /Users/dada/Desktop/Scriptura/versions/NKJV/NKJV_books/2 Timothy.json

[56/66] Titus

📖 Titus — 3 chapters
   Chapter 1/3
      Request 1/3: Titus 1
   Chapter 2/3
      Request 1/3: Titus 2
   Chapter 3/3
      Request 1/3: Titus 3
   ✅ Saved /Users/dada/Desktop/Scriptura/versions/NKJV/NKJV_books/Titus.json

[57/66] Philemon

📖 Philemon — 1 chapters
   Chapter 1/1
      Request 1/3: Philemon 1
   ✅ Saved /Users/dada/Desktop/Scriptura/versions/NKJV/NKJV_books/Philemon.json

[58/66] Hebrews

📖 Hebrews — 13 chapters
   Chapter 1/13
      Request 1/3: Hebrews 1
   Chapter 2/13
      Request 1/3: Hebrews 2
   Chapter 3/13
      Request 1/3: Hebrews 3
   Chapter 4/13
      Request 1/3: Hebrews 4
   Chapter 5/13
      Request 1/3: Hebrews 5
   Chapter 6/13
      Request 1/3: Hebrews 6
   Chapter 7/13
      Request 1/3: Hebrews 7
   Chapter 8/13
      Request 1/3: Hebrews 8
   Chapter 9/13
      Request 1/3: Hebrews 9
   Chapter 10/13
      Request 1/3: Hebrews 10
   Chapter 11/13
      Request 1/3: Hebrews 11
   Chapter 12/13
      Request 1/3: Hebrews 12
   Chapter 13/13
      Request 1/3: Hebrews 13
   ✅ Saved /Users/dada/Desktop/Scriptura/versions/NKJV/NKJV_books/Hebrews.json

[59/66] James

📖 James — 5 chapters
   Chapter 1/5
      Request 1/3: James 1
   Chapter 2/5
      Request 1/3: James 2
   Chapter 3/5
      Request 1/3: James 3
   Chapter 4/5
      Request 1/3: James 4
   Chapter 5/5
      Request 1/3: James 5
   ✅ Saved /Users/dada/Desktop/Scriptura/versions/NKJV/NKJV_books/James.json

[60/66] 1 Peter

📖 1 Peter — 5 chapters
   Chapter 1/5
      Request 1/3: 1 Peter 1
   Chapter 2/5
      Request 1/3: 1 Peter 2
   Chapter 3/5
      Request 1/3: 1 Peter 3
   Chapter 4/5
      Request 1/3: 1 Peter 4
   Chapter 5/5
      Request 1/3: 1 Peter 5
   ✅ Saved /Users/dada/Desktop/Scriptura/versions/NKJV/NKJV_books/1 Peter.json

[61/66] 2 Peter

📖 2 Peter — 3 chapters
   Chapter 1/3
      Request 1/3: 2 Peter 1
   Chapter 2/3
      Request 1/3: 2 Peter 2
   Chapter 3/3
      Request 1/3: 2 Peter 3
   ✅ Saved /Users/dada/Desktop/Scriptura/versions/NKJV/NKJV_books/2 Peter.json

[62/66] 1 John

📖 1 John — 5 chapters
   Chapter 1/5
      Request 1/3: 1 John 1
   Chapter 2/5
      Request 1/3: 1 John 2
   Chapter 3/5
      Request 1/3: 1 John 3
   Chapter 4/5
      Request 1/3: 1 John 4
   Chapter 5/5
      Request 1/3: 1 John 5
   ✅ Saved /Users/dada/Desktop/Scriptura/versions/NKJV/NKJV_books/1 John.json

[63/66] 2 John

📖 2 John — 1 chapters
   Chapter 1/1
      Request 1/3: 2 John 1
   ✅ Saved /Users/dada/Desktop/Scriptura/versions/NKJV/NKJV_books/2 John.json

[64/66] 3 John

📖 3 John — 1 chapters
   Chapter 1/1
      Request 1/3: 3 John 1
   ✅ Saved /Users/dada/Desktop/Scriptura/versions/NKJV/NKJV_books/3 John.json

[65/66] Jude

📖 Jude — 1 chapters
   Chapter 1/1
      Request 1/3: Jude 1
   ✅ Saved /Users/dada/Desktop/Scriptura/versions/NKJV/NKJV_books/Jude.json

[66/66] Revelation

📖 Revelation — 22 chapters
   Chapter 1/22
      Request 1/3: Revelation 1
   Chapter 2/22
      Request 1/3: Revelation 2
   Chapter 3/22
      Request 1/3: Revelation 3
   Chapter 4/22
      Request 1/3: Revelation 4
   Chapter 5/22
      Request 1/3: Revelation 5
   Chapter 6/22
      Request 1/3: Revelation 6
   Chapter 7/22
      Request 1/3: Revelation 7
   Chapter 8/22
      Request 1/3: Revelation 8
   Chapter 9/22
      Request 1/3: Revelation 9
   Chapter 10/22
      Request 1/3: Revelation 10
   Chapter 11/22
      Request 1/3: Revelation 11
   Chapter 12/22
      Request 1/3: Revelation 12
   Chapter 13/22
      Request 1/3: Revelation 13
   Chapter 14/22
      Request 1/3: Revelation 14
   Chapter 15/22
      Request 1/3: Revelation 15
   Chapter 16/22
      Request 1/3: Revelation 16
   Chapter 17/22
      Request 1/3: Revelation 17
   Chapter 18/22
      Request 1/3: Revelation 18
   Chapter 19/22
      Request 1/3: Revelation 19
   Chapter 20/22
      Request 1/3: Revelation 20
   Chapter 21/22
      Request 1/3: Revelation 21
   Chapter 22/22
      Request 1/3: Revelation 22
   ✅ Saved /Users/dada/Desktop/Scriptura/versions/NKJV/NKJV_books/Revelation.json

📦 Combining books...
✅ Combined Bible written to:
/Users/dada/Desktop/Scriptura/versions/NKJV/NKJV_bible.json

========================================
📊 Bible validation
========================================
Books:    66
Chapters: 1189
Verses:   31102
========================================

✅ Bible validation passed

🎉 NKJV generation complete!
